// Jest Snapshot v1, https://goo.gl/fbAQLP

exports[`Footer component renders correct elements 1`] = `undefined`;
